 libconfigd

 Timestamp is 668768c9 (Fri Jul  5 00:30:17 2024)

 Preferred load address is 0000000180000000

 Start         Length     Name                   Class
 0001:00000000 0000fc60H .text$mn                CODE
 0001:0000fc60 00001040H .text$mn$00             CODE
 0001:00010ca0 0000110fH .text$x                 CODE
 0002:00000000 00000110H .CRT$XCA                DATA
 0002:00000110 00000110H .CRT$XCZ                DATA
 0002:00000220 00000110H .CRT$XIA                DATA
 0002:00000330 00000110H .CRT$XIZ                DATA
 0002:00000440 00000110H .CRT$XPA                DATA
 0002:00000550 00000110H .CRT$XPZ                DATA
 0002:00000660 00000110H .CRT$XTA                DATA
 0002:00000770 00000110H .CRT$XTZ                DATA
 0002:00000880 00001100H .rdata                  DATA
 0002:00001980 00000200H .rdata$CastGuardVftablesA DATA
 0002:00001b80 0000019cH .rdata$CastGuardVftablesC DATA
 0002:00001d1c 00000194H .rdata$zzzdbg           DATA
 0002:00001eb0 00000110H .rtc$IAA                DATA
 0002:00001fc0 00000110H .rtc$IZZ                DATA
 0002:000020d0 00000110H .rtc$TAA                DATA
 0002:000021e0 00000110H .rtc$TZZ                DATA
 0002:000022f0 00000a20H .xdata                  DATA
 0002:00002d10 00000b5dH .edata                  DATA
 0003:00000000 000006e0H .data                   DATA
 0003:000006e0 00000761H .bss                    DATA
 0004:00000000 00000c0cH .pdata                  DATA
 0005:00000000 00000420H .idata$5                DATA
 0005:00000420 00000050H .idata$2                DATA
 0005:00000470 00000018H .idata$3                DATA
 0005:00000488 00000420H .idata$4                DATA
 0005:000008a8 00000680H .idata$6                DATA
 0006:00000000 00000175H .00cfg                  DATA
 0007:00000000 00000170H .rsrc$01                DATA
 0007:00000170 000002ccH .rsrc$02                DATA

  Address         Publics by Value              Rva+Base               Lib:Object

 0000:00000000       __AbsoluteZero             0000000000000000     <absolute>
 0000:00000000       ___safe_se_handler_count   0000000000000000     <absolute>
 0000:00000000       ___safe_se_handler_table   0000000000000000     <absolute>
 0000:00000000       __arm64x_extra_rfe_table   0000000000000000     <absolute>
 0000:00000000       __arm64x_extra_rfe_table_size 0000000000000000     <absolute>
 0000:00000000       __arm64x_native_entrypoint 0000000000000000     <absolute>
 0000:00000000       __arm64x_redirection_metadata 0000000000000000     <absolute>
 0000:00000000       __arm64x_redirection_metadata_count 0000000000000000     <absolute>
 0000:00000000       __dynamic_value_reloc_table 0000000000000000     <absolute>
 0000:00000000       __enclave_config           0000000000000000     <absolute>
 0000:00000000       __guard_check_icall_a64n_fptr 0000000000000000     <absolute>
 0000:00000000       __guard_eh_cont_count      0000000000000000     <absolute>
 0000:00000000       __guard_eh_cont_table      0000000000000000     <absolute>
 0000:00000000       __guard_fids_count         0000000000000000     <absolute>
 0000:00000000       __guard_fids_table         0000000000000000     <absolute>
 0000:00000000       __guard_iat_count          0000000000000000     <absolute>
 0000:00000000       __guard_iat_table          0000000000000000     <absolute>
 0000:00000000       __guard_longjmp_count      0000000000000000     <absolute>
 0000:00000000       __guard_longjmp_table      0000000000000000     <absolute>
 0000:00000000       __hybrid_auxiliary_iat     0000000000000000     <absolute>
 0000:00000000       __hybrid_auxiliary_iat_copy 0000000000000000     <absolute>
 0000:00000000       __hybrid_code_map          0000000000000000     <absolute>
 0000:00000000       __hybrid_code_map_count    0000000000000000     <absolute>
 0000:00000000       __volatile_metadata        0000000000000000     <absolute>
 0000:00000000       __x64_code_ranges_to_entry_points 0000000000000000     <absolute>
 0000:00000000       __x64_code_ranges_to_entry_points_count 0000000000000000     <absolute>
 0000:00000100       __guard_flags              0000000000000100     <absolute>
 0000:00000000       __ImageBase                0000000180000000     <linker-defined>
 0001:00000870       libconfig_yyerror          0000000180001870 f   grammar.obj
 0001:000008d0       libconfig_yyparse          00000001800018d0 f   grammar.obj
 0001:000024c0       config_read                00000001800034c0 f   libconfig.obj
 0001:000024f0       config_write               00000001800034f0 f   libconfig.obj
 0001:00002530       config_set_options         0000000180003530 f   libconfig.obj
 0001:00002550       config_get_options         0000000180003550 f   libconfig.obj
 0001:00002570       config_set_option          0000000180003570 f   libconfig.obj
 0001:000025c0       config_get_option          00000001800035c0 f   libconfig.obj
 0001:00002600       config_read_string         0000000180003600 f   libconfig.obj
 0001:00002630       config_read_file           0000000180003630 f   libconfig.obj
 0001:00002740       config_write_file          0000000180003740 f   libconfig.obj
 0001:00002830       config_set_destructor      0000000180003830 f   libconfig.obj
 0001:00002850       config_set_include_dir     0000000180003850 f   libconfig.obj
 0001:00002890       config_set_include_func    0000000180003890 f   libconfig.obj
 0001:000028e0       config_set_float_precision 00000001800038e0 f   libconfig.obj
 0001:00002900       config_get_float_precision 0000000180003900 f   libconfig.obj
 0001:00002920       config_set_tab_width       0000000180003920 f   libconfig.obj
 0001:00002970       config_get_tab_width       0000000180003970 f   libconfig.obj
 0001:00002990       config_set_hook            0000000180003990 f   libconfig.obj
 0001:000029b0       config_init                00000001800039b0 f   libconfig.obj
 0001:00002a20       config_destroy             0000000180003a20 f   libconfig.obj
 0001:00002a70       config_clear               0000000180003a70 f   libconfig.obj
 0001:00002af0       config_setting_get_int     0000000180003af0 f   libconfig.obj
 0001:00002b20       config_setting_get_int64   0000000180003b20 f   libconfig.obj
 0001:00002b60       config_setting_get_float   0000000180003b60 f   libconfig.obj
 0001:00002ba0       config_setting_get_bool    0000000180003ba0 f   libconfig.obj
 0001:00002be0       config_setting_get_string  0000000180003be0 f   libconfig.obj
 0001:00002c20       config_setting_lookup_int  0000000180003c20 f   libconfig.obj
 0001:00002c70       config_setting_lookup_int64 0000000180003c70 f   libconfig.obj
 0001:00002cc0       config_setting_lookup_float 0000000180003cc0 f   libconfig.obj
 0001:00002d10       config_setting_lookup_bool 0000000180003d10 f   libconfig.obj
 0001:00002d80       config_setting_lookup_string 0000000180003d80 f   libconfig.obj
 0001:00002df0       config_setting_set_int     0000000180003df0 f   libconfig.obj
 0001:00002e90       config_setting_set_int64   0000000180003e90 f   libconfig.obj
 0001:00002f70       config_setting_set_float   0000000180003f70 f   libconfig.obj
 0001:00003050       config_setting_set_bool    0000000180004050 f   libconfig.obj
 0001:000030a0       config_setting_set_string  00000001800040a0 f   libconfig.obj
 0001:00003140       config_setting_set_format  0000000180004140 f   libconfig.obj
 0001:000031a0       config_setting_get_format  00000001800041a0 f   libconfig.obj
 0001:000031f0       config_setting_get_int_elem 00000001800041f0 f   libconfig.obj
 0001:00003240       config_setting_get_int64_elem 0000000180004240 f   libconfig.obj
 0001:000032a0       config_setting_get_float_elem 00000001800042a0 f   libconfig.obj
 0001:00003300       config_setting_get_bool_elem 0000000180004300 f   libconfig.obj
 0001:00003360       config_setting_get_string_elem 0000000180004360 f   libconfig.obj
 0001:000033c0       config_setting_set_int_elem 00000001800043c0 f   libconfig.obj
 0001:00003480       config_setting_set_int64_elem 0000000180004480 f   libconfig.obj
 0001:00003540       config_setting_set_float_elem 0000000180004540 f   libconfig.obj
 0001:00003600       config_setting_set_bool_elem 0000000180004600 f   libconfig.obj
 0001:000036c0       config_setting_set_string_elem 00000001800046c0 f   libconfig.obj
 0001:00003780       config_default_include_func 0000000180004780 f   libconfig.obj
 0001:00003880       config_setting_is_scalar   0000000180004880 f   libconfig.obj
 0001:000038b0       config_setting_is_aggregate 00000001800048b0 f   libconfig.obj
 0001:00003910       config_setting_index       0000000180004910 f   libconfig.obj
 0001:000039b0       config_setting_length      00000001800049b0 f   libconfig.obj
 0001:00003a00       config_setting_get_elem    0000000180004a00 f   libconfig.obj
 0001:00003a70       config_setting_get_member  0000000180004a70 f   libconfig.obj
 0001:00003ac0       config_setting_add         0000000180004ac0 f   libconfig.obj
 0001:00003bc0       config_setting_remove      0000000180004bc0 f   libconfig.obj
 0001:00003cf0       config_setting_remove_elem 0000000180004cf0 f   libconfig.obj
 0001:00003d80       config_setting_set_hook    0000000180004d80 f   libconfig.obj
 0001:00003da0       config_lookup              0000000180004da0 f   libconfig.obj
 0001:00003dd0       config_setting_lookup      0000000180004dd0 f   libconfig.obj
 0001:00003f00       config_lookup_int          0000000180004f00 f   libconfig.obj
 0001:00003f50       config_lookup_int64        0000000180004f50 f   libconfig.obj
 0001:00003fa0       config_lookup_float        0000000180004fa0 f   libconfig.obj
 0001:00003ff0       config_lookup_bool         0000000180004ff0 f   libconfig.obj
 0001:00004060       config_lookup_string       0000000180005060 f   libconfig.obj
 0001:000040d0       DllMain                    00000001800050d0 f   libconfig.obj
 0001:000062f0       __local_stdio_printf_options 00000001800072f0 f i libconfig.obj
 0001:00006300       _vfprintf_l                0000000180007300 f i libconfig.obj
 0001:00006360       fprintf                    0000000180007360 f i libconfig.obj
 0001:000063d0       libconfig_scanctx_init     00000001800073d0 f   scanctx.obj
 0001:00006440       libconfig_scanctx_cleanup  0000000180007440 f   scanctx.obj
 0001:000064f0       libconfig_scanctx_push_include 00000001800074f0 f   scanctx.obj
 0001:000066b0       libconfig_scanctx_next_include_file 00000001800076b0 f   scanctx.obj
 0001:000067d0       libconfig_scanctx_pop_include 00000001800077d0 f   scanctx.obj
 0001:00006880       libconfig_scanctx_take_string 0000000180007880 f   scanctx.obj
 0001:000068e0       libconfig_scanctx_current_filename 00000001800078e0 f   scanctx.obj
 0001:00006a80       libconfig_yyrestart        0000000180007a80 f   scanner.obj
 0001:00006b70       libconfig_yy_switch_to_buffer 0000000180007b70 f   scanner.obj
 0001:00006cb0       libconfig_yy_create_buffer 0000000180007cb0 f   scanner.obj
 0001:00006d70       libconfig_yy_delete_buffer 0000000180007d70 f   scanner.obj
 0001:00006e30       libconfig_yy_flush_buffer  0000000180007e30 f   scanner.obj
 0001:00006f20       libconfig_yypush_buffer_state 0000000180007f20 f   scanner.obj
 0001:00007070       libconfig_yypop_buffer_state 0000000180008070 f   scanner.obj
 0001:00007480       libconfig_yy_scan_buffer   0000000180008480 f   scanner.obj
 0001:000075b0       libconfig_yy_scan_string   00000001800085b0 f   scanner.obj
 0001:000075f0       libconfig_yy_scan_bytes    00000001800085f0 f   scanner.obj
 0001:000076f0       libconfig_yyalloc          00000001800086f0 f   scanner.obj
 0001:00007720       libconfig_yyrealloc        0000000180008720 f   scanner.obj
 0001:00007760       libconfig_yyfree           0000000180008760 f   scanner.obj
 0001:000081f0       libconfig_yylex_init       00000001800091f0 f   scanner.obj
 0001:00008280       libconfig_yylex_init_extra 0000000180009280 f   scanner.obj
 0001:00008350       libconfig_yylex_destroy    0000000180009350 f   scanner.obj
 0001:00008480       libconfig_yyget_debug      0000000180009480 f   scanner.obj
 0001:000084b0       libconfig_yyset_debug      00000001800094b0 f   scanner.obj
 0001:000084e0       libconfig_yyget_extra      00000001800094e0 f   scanner.obj
 0001:00008510       libconfig_yyset_extra      0000000180009510 f   scanner.obj
 0001:00008540       libconfig_yyget_in         0000000180009540 f   scanner.obj
 0001:00008570       libconfig_yyset_in         0000000180009570 f   scanner.obj
 0001:000085a0       libconfig_yyget_out        00000001800095a0 f   scanner.obj
 0001:000085d0       libconfig_yyset_out        00000001800095d0 f   scanner.obj
 0001:00008600       libconfig_yyget_leng       0000000180009600 f   scanner.obj
 0001:00008630       libconfig_yyget_text       0000000180009630 f   scanner.obj
 0001:00008660       libconfig_yyget_lineno     0000000180009660 f   scanner.obj
 0001:000086d0       libconfig_yyset_lineno     00000001800096d0 f   scanner.obj
 0001:00008760       libconfig_yyget_column     0000000180009760 f   scanner.obj
 0001:000087d0       libconfig_yyset_column     00000001800097d0 f   scanner.obj
 0001:00008860       libconfig_yyget_lval       0000000180009860 f   scanner.obj
 0001:00008890       libconfig_yyset_lval       0000000180009890 f   scanner.obj
 0001:000088d0       libconfig_yylex            00000001800098d0 f   scanner.obj
 0001:0000b950       libconfig_strbuf_append_string 000000018000c950 f   strbuf.obj
 0001:0000b9c0       libconfig_strbuf_append_char 000000018000c9c0 f   strbuf.obj
 0001:0000ba30       libconfig_strbuf_release   000000018000ca30 f   strbuf.obj
 0001:0000ba70       libconfig_strbuf_ensure_capacity 000000018000ca70 f   strbuf.obj
 0001:0000bb50       libconfig_strvec_append    000000018000cb50 f   strvec.obj
 0001:0000bc20       libconfig_strvec_release   000000018000cc20 f   strvec.obj
 0001:0000bc70       libconfig_strvec_delete    000000018000cc70 f   strvec.obj
 0001:0000bd30       libconfig_parse_integer    000000018000cd30 f   util.obj
 0001:0000bdd0       libconfig_parse_hex64      000000018000cdd0 f   util.obj
 0001:0000be00       libconfig_format_double    000000018000ce00 f   util.obj
 0001:0000bfa0       snprintf                   000000018000cfa0 f i util.obj
 0001:0000c010       vsnprintf                  000000018000d010 f i util.obj
 0001:0000c0b0       fsync                      000000018000d0b0 f   wincompat.obj
 0001:0000c162       PathIsRelativeA            000000018000d162 f   Shlwapi:SHLWAPI.dll
 0001:0000c168       FlushFileBuffers           000000018000d168 f   kernel32:KERNEL32.dll
 0001:0000c16e       GetLastError               000000018000d16e f   kernel32:KERNEL32.dll
 0001:0000c180       __GSHandlerCheck           000000018000d180 f   MSVCRTD:gshandler.obj
 0001:0000c1d0       __GSHandlerCheckCommon     000000018000d1d0 f   MSVCRTD:gshandler.obj
 0001:0000c320       __security_check_cookie    000000018000d320 f   MSVCRTD:amdsecgs.obj
 0001:0000c850       _CRT_INIT                  000000018000d850 f   MSVCRTD:dll_dllmain.obj
 0001:0000c890       _DllMainCRTStartup         000000018000d890 f   MSVCRTD:dll_dllmain.obj
 0001:0000c8e0       __raise_securityfailure    000000018000d8e0 f   MSVCRTD:gs_report.obj
 0001:0000c930       __report_gsfailure         000000018000d930 f   MSVCRTD:gs_report.obj
 0001:0000ca40       __report_rangecheckfailure 000000018000da40 f   MSVCRTD:gs_report.obj
 0001:0000ca60       __report_securityfailure   000000018000da60 f   MSVCRTD:gs_report.obj
 0001:0000cb30       __report_securityfailureEx 000000018000db30 f   MSVCRTD:gs_report.obj
 0001:0000cf20       __security_init_cookie     000000018000df20 f   MSVCRTD:gs_support.obj
 0001:0000cfc0       ?__scrt_initialize_type_info@@YAXXZ 000000018000dfc0 f   MSVCRTD:tncleanup.obj
 0001:0000cfe0       ?__scrt_uninitialize_type_info@@YAXXZ 000000018000dfe0 f   MSVCRTD:tncleanup.obj
 0001:0000d000       __local_stdio_scanf_options 000000018000e000 f i MSVCRTD:default_local_stdio_options.obj
 0001:0000d010       __scrt_initialize_default_local_stdio_options 000000018000e010 f   MSVCRTD:default_local_stdio_options.obj
 0001:0000d070       ?configure_argv@__scrt_narrow_argv_policy@@SAHXZ 000000018000e070 f i MSVCRTD:utility.obj
 0001:0000d190       ?initialize_environment@__scrt_narrow_environment_policy@@SAHXZ 000000018000e190 f i MSVCRTD:utility.obj
 0001:0000d260       NtCurrentTeb               000000018000e260 f i MSVCRTD:utility.obj
 0001:0000d270       __scrt_acquire_startup_lock 000000018000e270 f   MSVCRTD:utility.obj
 0001:0000d2f0       __scrt_dllmain_after_initialize_c 000000018000e2f0 f   MSVCRTD:utility.obj
 0001:0000d330       __scrt_dllmain_before_initialize_c 000000018000e330 f   MSVCRTD:utility.obj
 0001:0000d360       __scrt_dllmain_crt_thread_attach 000000018000e360 f   MSVCRTD:utility.obj
 0001:0000d3a0       __scrt_dllmain_crt_thread_detach 000000018000e3a0 f   MSVCRTD:utility.obj
 0001:0000d3c0       __scrt_dllmain_exception_filter 000000018000e3c0 f   MSVCRTD:utility.obj
 0001:0000d440       __scrt_dllmain_uninitialize_c 000000018000e440 f   MSVCRTD:utility.obj
 0001:0000d480       __scrt_dllmain_uninitialize_critical 000000018000e480 f   MSVCRTD:utility.obj
 0001:0000d4a0       __scrt_initialize_crt      000000018000e4a0 f   MSVCRTD:utility.obj
 0001:0000d500       __scrt_initialize_onexit_tables 000000018000e500 f   MSVCRTD:utility.obj
 0001:0000d650       __scrt_is_nonwritable_in_current_image 000000018000e650 f   MSVCRTD:utility.obj
 0001:0000d700       __scrt_release_startup_lock 000000018000e700 f   MSVCRTD:utility.obj
 0001:0000d740       __scrt_uninitialize_crt    000000018000e740 f   MSVCRTD:utility.obj
 0001:0000d790       _onexit                    000000018000e790 f   MSVCRTD:utility.obj
 0001:0000d830       at_quick_exit              000000018000e830 f   MSVCRTD:utility.obj
 0001:0000d890       atexit                     000000018000e890 f   MSVCRTD:utility.obj
 0001:0000d8d0       __scrt_get_dyn_tls_init_callback 000000018000e8d0 f   MSVCRTD:dyn_tls_init.obj
 0001:0000d8e0       __crt_debugger_hook        000000018000e8e0 f   MSVCRTD:utility_desktop.obj
 0001:0000d900       __scrt_fastfail            000000018000e900 f   MSVCRTD:utility_desktop.obj
 0001:0000db00       __scrt_get_show_window_mode 000000018000eb00 f   MSVCRTD:utility_desktop.obj
 0001:0000db70       __scrt_initialize_mta      000000018000eb70 f   MSVCRTD:utility_desktop.obj
 0001:0000db90       __scrt_initialize_winrt    000000018000eb90 f   MSVCRTD:utility_desktop.obj
 0001:0000dba0       __scrt_is_managed_app      000000018000eba0 f   MSVCRTD:utility_desktop.obj
 0001:0000dc70       __scrt_set_unhandled_exception_filter 000000018000ec70 f   MSVCRTD:utility_desktop.obj
 0001:0000dc90       __scrt_exe_initialize_mta  000000018000ec90 f   MSVCRTD:utility_desktop.obj
 0001:0000dc90       __scrt_stub_for_initialize_mta 000000018000ec90 f   MSVCRTD:utility_desktop.obj
 0001:0000dca0       __scrt_unhandled_exception_filter 000000018000eca0 f   MSVCRTD:utility_desktop.obj
 0001:0000dd60       _RTC_Initialize            000000018000ed60 f   MSVCRTD:initsect.obj
 0001:0000ddc0       _RTC_Terminate             000000018000edc0 f   MSVCRTD:initsect.obj
 0001:0000de20       _guard_check_icall_nop     000000018000ee20 f i MSVCRTD:guard_support.obj
 0001:0000de30       ReadNoFence64              000000018000ee30 f i MSVCRTD:guard_support.obj
 0001:0000de60       ReadPointerNoFence         000000018000ee60 f i MSVCRTD:guard_support.obj
 0001:0000de80       __castguard_check_failure_debugbreak 000000018000ee80 f i MSVCRTD:guard_support.obj
 0001:0000deb0       __castguard_check_failure_fastfail 000000018000eeb0 f i MSVCRTD:guard_support.obj
 0001:0000dee0       __castguard_check_failure_nop 000000018000eee0 f i MSVCRTD:guard_support.obj
 0001:0000def0       __castguard_check_failure_os_handled 000000018000eef0 f i MSVCRTD:guard_support.obj
 0001:0000dff0       __castguard_slow_path_check_debugbreak 000000018000eff0 f i MSVCRTD:guard_support.obj
 0001:0000e040       __castguard_slow_path_check_fastfail 000000018000f040 f i MSVCRTD:guard_support.obj
 0001:0000e0a0       __castguard_slow_path_check_nop 000000018000f0a0 f i MSVCRTD:guard_support.obj
 0001:0000e0c0       __castguard_slow_path_check_os_handled 000000018000f0c0 f i MSVCRTD:guard_support.obj
 0001:0000e1b0       _guard_icall_checks_enforced 000000018000f1b0 f i MSVCRTD:guard_support.obj
 0001:0000e200       _guard_rf_checks_enforced  000000018000f200 f i MSVCRTD:guard_support.obj
 0001:0000e210       __isa_available_init       000000018000f210 f   MSVCRTD:cpu_disp.obj
 0001:0000e6a0       _get_startup_argv_mode     000000018000f6a0 f   MSVCRTD:argv_mode.obj
 0001:0000e6b0       __scrt_is_ucrt_dll_in_use  000000018000f6b0 f   MSVCRTD:ucrt_detection.obj
 0001:0000e6e0       memmove                    000000018000f6e0 f   vcruntimed:VCRUNTIME140D.dll
 0001:0000e6e6       memset                     000000018000f6e6 f   vcruntimed:VCRUNTIME140D.dll
 0001:0000e6ec       strchr                     000000018000f6ec f   vcruntimed:VCRUNTIME140D.dll
 0001:0000e6f2       __C_specific_handler       000000018000f6f2 f   vcruntimed:VCRUNTIME140D.dll
 0001:0000e6f8       __std_type_info_destroy_list 000000018000f6f8 f   vcruntimed:VCRUNTIME140D.dll
 0001:0000e6fe       __current_exception        000000018000f6fe f   vcruntimed:VCRUNTIME140D.dll
 0001:0000e704       __current_exception_context 000000018000f704 f   vcruntimed:VCRUNTIME140D.dll
 0001:0000e70a       free                       000000018000f70a f   ucrtd:ucrtbased.dll
 0001:0000e710       malloc                     000000018000f710 f   ucrtd:ucrtbased.dll
 0001:0000e716       _configthreadlocale        000000018000f716 f   ucrtd:ucrtbased.dll
 0001:0000e71c       setlocale                  000000018000f71c f   ucrtd:ucrtbased.dll
 0001:0000e722       isalpha                    000000018000f722 f   ucrtd:ucrtbased.dll
 0001:0000e728       isdigit                    000000018000f728 f   ucrtd:ucrtbased.dll
 0001:0000e72e       fclose                     000000018000f72e f   ucrtd:ucrtbased.dll
 0001:0000e734       _fileno                    000000018000f734 f   ucrtd:ucrtbased.dll
 0001:0000e73a       fopen                      000000018000f73a f   ucrtd:ucrtbased.dll
 0001:0000e740       fputc                      000000018000f740 f   ucrtd:ucrtbased.dll
 0001:0000e746       fputs                      000000018000f746 f   ucrtd:ucrtbased.dll
 0001:0000e74c       __stdio_common_vfprintf    000000018000f74c f   ucrtd:ucrtbased.dll
 0001:0000e752       calloc                     000000018000f752 f   ucrtd:ucrtbased.dll
 0001:0000e758       realloc                    000000018000f758 f   ucrtd:ucrtbased.dll
 0001:0000e75e       atoi                       000000018000f75e f   ucrtd:ucrtbased.dll
 0001:0000e764       strcat                     000000018000f764 f   ucrtd:ucrtbased.dll
 0001:0000e76a       strcpy                     000000018000f76a f   ucrtd:ucrtbased.dll
 0001:0000e770       strlen                     000000018000f770 f   ucrtd:ucrtbased.dll
 0001:0000e776       _fstat64i32                000000018000f776 f   ucrtd:ucrtbased.dll
 0001:0000e77c       __acrt_iob_func            000000018000f77c f   ucrtd:ucrtbased.dll
 0001:0000e782       clearerr                   000000018000f782 f   ucrtd:ucrtbased.dll
 0001:0000e788       ferror                     000000018000f788 f   ucrtd:ucrtbased.dll
 0001:0000e78e       fread                      000000018000f78e f   ucrtd:ucrtbased.dll
 0001:0000e794       fwrite                     000000018000f794 f   ucrtd:ucrtbased.dll
 0001:0000e79a       getc                       000000018000f79a f   ucrtd:ucrtbased.dll
 0001:0000e7a0       _errno                     000000018000f7a0 f   ucrtd:ucrtbased.dll
 0001:0000e7a6       exit                       000000018000f7a6 f   ucrtd:ucrtbased.dll
 0001:0000e7ac       atof                       000000018000f7ac f   ucrtd:ucrtbased.dll
 0001:0000e7b2       atoll                      000000018000f7b2 f   ucrtd:ucrtbased.dll
 0001:0000e7b8       strtol                     000000018000f7b8 f   ucrtd:ucrtbased.dll
 0001:0000e7be       strtoul                    000000018000f7be f   ucrtd:ucrtbased.dll
 0001:0000e7c4       strtoll                    000000018000f7c4 f   ucrtd:ucrtbased.dll
 0001:0000e7ca       strtoull                   000000018000f7ca f   ucrtd:ucrtbased.dll
 0001:0000e7d0       __stdio_common_vsprintf    000000018000f7d0 f   ucrtd:ucrtbased.dll
 0001:0000e7d6       _get_osfhandle             000000018000f7d6 f   ucrtd:ucrtbased.dll
 0001:0000e7dc       _initterm                  000000018000f7dc f   ucrtd:ucrtbased.dll
 0001:0000e7e2       _initterm_e                000000018000f7e2 f   ucrtd:ucrtbased.dll
 0001:0000e7e8       _seh_filter_dll            000000018000f7e8 f   ucrtd:ucrtbased.dll
 0001:0000e7ee       _configure_narrow_argv     000000018000f7ee f   ucrtd:ucrtbased.dll
 0001:0000e7f4       _initialize_narrow_environment 000000018000f7f4 f   ucrtd:ucrtbased.dll
 0001:0000e7fa       _initialize_onexit_table   000000018000f7fa f   ucrtd:ucrtbased.dll
 0001:0000e800       _register_onexit_function  000000018000f800 f   ucrtd:ucrtbased.dll
 0001:0000e806       _execute_onexit_table      000000018000f806 f   ucrtd:ucrtbased.dll
 0001:0000e80c       _crt_atexit                000000018000f80c f   ucrtd:ucrtbased.dll
 0001:0000e812       _crt_at_quick_exit         000000018000f812 f   ucrtd:ucrtbased.dll
 0001:0000e818       _cexit                     000000018000f818 f   ucrtd:ucrtbased.dll
 0001:0000e81e       terminate                  000000018000f81e f   ucrtd:ucrtbased.dll
 0001:0000e824       _strdup                    000000018000f824 f   ucrtd:ucrtbased.dll
 0001:0000e82a       RtlCaptureContext          000000018000f82a f   kernel32:KERNEL32.dll
 0001:0000e830       RtlLookupFunctionEntry     000000018000f830 f   kernel32:KERNEL32.dll
 0001:0000e836       RtlVirtualUnwind           000000018000f836 f   kernel32:KERNEL32.dll
 0001:0000e83c       UnhandledExceptionFilter   000000018000f83c f   kernel32:KERNEL32.dll
 0001:0000e842       SetUnhandledExceptionFilter 000000018000f842 f   kernel32:KERNEL32.dll
 0001:0000e848       GetCurrentProcess          000000018000f848 f   kernel32:KERNEL32.dll
 0001:0000e84e       TerminateProcess           000000018000f84e f   kernel32:KERNEL32.dll
 0001:0000e854       IsProcessorFeaturePresent  000000018000f854 f   kernel32:KERNEL32.dll
 0001:0000e85a       QueryPerformanceCounter    000000018000f85a f   kernel32:KERNEL32.dll
 0001:0000e860       GetCurrentProcessId        000000018000f860 f   kernel32:KERNEL32.dll
 0001:0000e866       GetCurrentThreadId         000000018000f866 f   kernel32:KERNEL32.dll
 0001:0000e86c       GetSystemTimeAsFileTime    000000018000f86c f   kernel32:KERNEL32.dll
 0001:0000e872       InitializeSListHead        000000018000f872 f   kernel32:KERNEL32.dll
 0001:0000e878       IsDebuggerPresent          000000018000f878 f   kernel32:KERNEL32.dll
 0001:0000e87e       GetStartupInfoW            000000018000f87e f   kernel32:KERNEL32.dll
 0001:0000e884       GetModuleHandleW           000000018000f884 f   kernel32:KERNEL32.dll
 0001:0000e890       __acrt_initialize          000000018000f890 f   MSVCRTD:ucrt_stubs.obj
 0001:0000e890       __scrt_stub_for_acrt_initialize 000000018000f890 f   MSVCRTD:ucrt_stubs.obj
 0001:0000e890       __vcrt_initialize          000000018000f890 f   MSVCRTD:ucrt_stubs.obj
 0001:0000e8a0       __acrt_thread_attach       000000018000f8a0 f   MSVCRTD:ucrt_stubs.obj
 0001:0000e8a0       __scrt_stub_for_acrt_thread_attach 000000018000f8a0 f   MSVCRTD:ucrt_stubs.obj
 0001:0000e8a0       __vcrt_thread_attach       000000018000f8a0 f   MSVCRTD:ucrt_stubs.obj
 0001:0000e8b0       __acrt_thread_detach       000000018000f8b0 f   MSVCRTD:ucrt_stubs.obj
 0001:0000e8b0       __scrt_stub_for_acrt_thread_detach 000000018000f8b0 f   MSVCRTD:ucrt_stubs.obj
 0001:0000e8b0       __vcrt_thread_detach       000000018000f8b0 f   MSVCRTD:ucrt_stubs.obj
 0001:0000e8c0       __acrt_uninitialize        000000018000f8c0 f   MSVCRTD:ucrt_stubs.obj
 0001:0000e8c0       __scrt_stub_for_acrt_uninitialize 000000018000f8c0 f   MSVCRTD:ucrt_stubs.obj
 0001:0000e8c0       __vcrt_uninitialize        000000018000f8c0 f   MSVCRTD:ucrt_stubs.obj
 0001:0000e8d0       __acrt_uninitialize_critical 000000018000f8d0 f   MSVCRTD:ucrt_stubs.obj
 0001:0000e8d0       __scrt_stub_for_acrt_uninitialize_critical 000000018000f8d0 f   MSVCRTD:ucrt_stubs.obj
 0001:0000e8d0       __vcrt_uninitialize_critical 000000018000f8d0 f   MSVCRTD:ucrt_stubs.obj
 0001:0000e8e0       __scrt_stub_for_is_c_termination_complete 000000018000f8e0 f   MSVCRTD:ucrt_stubs.obj
 0001:0000e8e0       _is_c_termination_complete 000000018000f8e0 f   MSVCRTD:ucrt_stubs.obj
 0001:0000e8e3       memcpy                     000000018000f8e3 f   vcruntimed:VCRUNTIME140D.dll
 0001:0000fc70       _guard_dispatch_icall_nop  0000000180010c70 f   MSVCRTD:guard_dispatch.obj
 0001:0000fc90       _guard_xfg_dispatch_icall_nop 0000000180010c90 f   MSVCRTD:guard_xfg_dispatch.obj
 0002:00000000       __xc_a                     0000000180013000     MSVCRTD:initializers.obj
 0002:00000110       __xc_z                     0000000180013110     MSVCRTD:initializers.obj
 0002:00000220       __xi_a                     0000000180013220     MSVCRTD:initializers.obj
 0002:00000330       __xi_z                     0000000180013330     MSVCRTD:initializers.obj
 0002:00000440       __xp_a                     0000000180013440     MSVCRTD:initializers.obj
 0002:00000550       __xp_z                     0000000180013550     MSVCRTD:initializers.obj
 0002:00000660       __xt_a                     0000000180013660     MSVCRTD:initializers.obj
 0002:00000770       __xt_z                     0000000180013770     MSVCRTD:initializers.obj
 0002:00001618       _pDefaultRawDllMain        0000000180014618     MSVCRTD:dll_dllmain.obj
 0002:00001618       _pRawDllMain               0000000180014618     MSVCRTD:dll_dllmain.obj
 0002:00001640       _load_config_used          0000000180014640     MSVCRTD:loadcfg.obj
 0002:00001980       __CastGuardVftablesStart   0000000180014980     MSVCRTD:guard_support.obj
 0002:00001b80       __CastGuardVftablesEnd     0000000180014b80     MSVCRTD:guard_support.obj
 0002:00001eb0       __rtc_iaa                  0000000180014eb0     MSVCRTD:initsect.obj
 0002:00001fc0       __rtc_izz                  0000000180014fc0     MSVCRTD:initsect.obj
 0002:000020d0       __rtc_taa                  00000001800150d0     MSVCRTD:initsect.obj
 0002:000021e0       __rtc_tzz                  00000001800151e0     MSVCRTD:initsect.obj
 0003:00000590       __security_cookie_complement 0000000180017590     MSVCRTD:gs_cookie.obj
 0003:00000598       __security_cookie          0000000180017598     MSVCRTD:gs_cookie.obj
 0003:000005a4       _fltused                   00000001800175a4     MSVCRTD:fltused.obj
 0003:000005a8       __scrt_native_dllmain_reason 00000001800175a8     MSVCRTD:utility.obj
 0003:000005b0       __isa_available            00000001800175b0     MSVCRTD:cpu_disp.obj
 0003:000005b4       __isa_enabled              00000001800175b4     MSVCRTD:cpu_disp.obj
 0003:000005b8       __memset_fast_string_threshold 00000001800175b8     MSVCRTD:cpu_disp.obj
 0003:000005c0       __memset_nt_threshold      00000001800175c0     MSVCRTD:cpu_disp.obj
 0003:000005d0       __scrt_ucrt_dll_is_in_use  00000001800175d0     MSVCRTD:ucrt_stubs.obj
 0003:00000d80       ?__type_info_root_node@@3U__type_info_node@@A 0000000180017d80     MSVCRTD:tncleanup.obj
 0003:00000d98       ?_OptionsStorage@?1??__local_stdio_printf_options@@9@4_KA 0000000180017d98     MSVCRTD:default_local_stdio_options.obj
 0003:00000da8       ?_OptionsStorage@?1??__local_stdio_scanf_options@@9@4_KA 0000000180017da8     MSVCRTD:default_local_stdio_options.obj
 0003:00000db8       __scrt_current_native_startup_state 0000000180017db8     MSVCRTD:utility.obj
 0003:00000dc0       __scrt_native_startup_lock 0000000180017dc0     MSVCRTD:utility.obj
 0003:00000e10       __scrt_debugger_hook_flag  0000000180017e10     MSVCRTD:utility_desktop.obj
 0003:00000e14       __favor                    0000000180017e14     MSVCRTD:cpu_disp.obj
 0003:00000e18       ?_OptionsStorage@?1??__local_stdio_printf_options@@9@9 0000000180017e18     <common>
 0003:00000e30       __dyn_tls_init_callback    0000000180017e30     <common>
 0005:00000000       __imp_IsDebuggerPresent    0000000180019000     kernel32:KERNEL32.dll
 0005:00000008       __imp_RtlLookupFunctionEntry 0000000180019008     kernel32:KERNEL32.dll
 0005:00000010       __imp_FlushFileBuffers     0000000180019010     kernel32:KERNEL32.dll
 0005:00000018       __imp_GetLastError         0000000180019018     kernel32:KERNEL32.dll
 0005:00000020       __imp_RtlVirtualUnwind     0000000180019020     kernel32:KERNEL32.dll
 0005:00000028       __imp_UnhandledExceptionFilter 0000000180019028     kernel32:KERNEL32.dll
 0005:00000030       __imp_SetUnhandledExceptionFilter 0000000180019030     kernel32:KERNEL32.dll
 0005:00000038       __imp_GetCurrentProcess    0000000180019038     kernel32:KERNEL32.dll
 0005:00000040       __imp_TerminateProcess     0000000180019040     kernel32:KERNEL32.dll
 0005:00000048       __imp_IsProcessorFeaturePresent 0000000180019048     kernel32:KERNEL32.dll
 0005:00000050       __imp_QueryPerformanceCounter 0000000180019050     kernel32:KERNEL32.dll
 0005:00000058       __imp_GetCurrentProcessId  0000000180019058     kernel32:KERNEL32.dll
 0005:00000060       __imp_GetModuleHandleW     0000000180019060     kernel32:KERNEL32.dll
 0005:00000068       __imp_GetStartupInfoW      0000000180019068     kernel32:KERNEL32.dll
 0005:00000070       __imp_RtlCaptureContext    0000000180019070     kernel32:KERNEL32.dll
 0005:00000078       __imp_InitializeSListHead  0000000180019078     kernel32:KERNEL32.dll
 0005:00000080       __imp_GetSystemTimeAsFileTime 0000000180019080     kernel32:KERNEL32.dll
 0005:00000088       __imp_GetCurrentThreadId   0000000180019088     kernel32:KERNEL32.dll
 0005:00000090       \177KERNEL32_NULL_THUNK_DATA 0000000180019090     kernel32:KERNEL32.dll
 0005:00000100       __imp_PathIsRelativeA      0000000180019100     Shlwapi:SHLWAPI.dll
 0005:00000108       \177SHLWAPI_NULL_THUNK_DATA 0000000180019108     Shlwapi:SHLWAPI.dll
 0005:00000160       __imp___std_type_info_destroy_list 0000000180019160     vcruntimed:VCRUNTIME140D.dll
 0005:00000168       __imp_memset               0000000180019168     vcruntimed:VCRUNTIME140D.dll
 0005:00000170       __imp_memmove              0000000180019170     vcruntimed:VCRUNTIME140D.dll
 0005:00000178       __imp___current_exception  0000000180019178     vcruntimed:VCRUNTIME140D.dll
 0005:00000180       __imp_strchr               0000000180019180     vcruntimed:VCRUNTIME140D.dll
 0005:00000188       __imp___C_specific_handler 0000000180019188     vcruntimed:VCRUNTIME140D.dll
 0005:00000190       __imp___current_exception_context 0000000180019190     vcruntimed:VCRUNTIME140D.dll
 0005:00000198       __imp_memcpy               0000000180019198     vcruntimed:VCRUNTIME140D.dll
 0005:000001a0       \177VCRUNTIME140D_NULL_THUNK_DATA 00000001800191a0     vcruntimed:VCRUNTIME140D.dll
 0005:00000200       __imp_strlen               0000000180019200     ucrtd:ucrtbased.dll
 0005:00000208       __imp__fstat64i32          0000000180019208     ucrtd:ucrtbased.dll
 0005:00000210       __imp___acrt_iob_func      0000000180019210     ucrtd:ucrtbased.dll
 0005:00000218       __imp_clearerr             0000000180019218     ucrtd:ucrtbased.dll
 0005:00000220       __imp_ferror               0000000180019220     ucrtd:ucrtbased.dll
 0005:00000228       __imp_fread                0000000180019228     ucrtd:ucrtbased.dll
 0005:00000230       __imp_fwrite               0000000180019230     ucrtd:ucrtbased.dll
 0005:00000238       __imp_getc                 0000000180019238     ucrtd:ucrtbased.dll
 0005:00000240       __imp__errno               0000000180019240     ucrtd:ucrtbased.dll
 0005:00000248       __imp_strcat               0000000180019248     ucrtd:ucrtbased.dll
 0005:00000250       __imp_atof                 0000000180019250     ucrtd:ucrtbased.dll
 0005:00000258       __imp_atoll                0000000180019258     ucrtd:ucrtbased.dll
 0005:00000260       __imp_strtol               0000000180019260     ucrtd:ucrtbased.dll
 0005:00000268       __imp_strtoul              0000000180019268     ucrtd:ucrtbased.dll
 0005:00000270       __imp_strtoll              0000000180019270     ucrtd:ucrtbased.dll
 0005:00000278       __imp_strtoull             0000000180019278     ucrtd:ucrtbased.dll
 0005:00000280       __imp___stdio_common_vsprintf 0000000180019280     ucrtd:ucrtbased.dll
 0005:00000288       __imp__get_osfhandle       0000000180019288     ucrtd:ucrtbased.dll
 0005:00000290       __imp__initterm            0000000180019290     ucrtd:ucrtbased.dll
 0005:00000298       __imp__initterm_e          0000000180019298     ucrtd:ucrtbased.dll
 0005:000002a0       __imp__seh_filter_dll      00000001800192a0     ucrtd:ucrtbased.dll
 0005:000002a8       __imp__configure_narrow_argv 00000001800192a8     ucrtd:ucrtbased.dll
 0005:000002b0       __imp__initialize_narrow_environment 00000001800192b0     ucrtd:ucrtbased.dll
 0005:000002b8       __imp__initialize_onexit_table 00000001800192b8     ucrtd:ucrtbased.dll
 0005:000002c0       __imp__register_onexit_function 00000001800192c0     ucrtd:ucrtbased.dll
 0005:000002c8       __imp__execute_onexit_table 00000001800192c8     ucrtd:ucrtbased.dll
 0005:000002d0       __imp__crt_atexit          00000001800192d0     ucrtd:ucrtbased.dll
 0005:000002d8       __imp__crt_at_quick_exit   00000001800192d8     ucrtd:ucrtbased.dll
 0005:000002e0       __imp__cexit               00000001800192e0     ucrtd:ucrtbased.dll
 0005:000002e8       __imp_terminate            00000001800192e8     ucrtd:ucrtbased.dll
 0005:000002f0       __imp__strdup              00000001800192f0     ucrtd:ucrtbased.dll
 0005:000002f0       __imp_strdup               00000001800192f0     ucrtd:ucrtbased.dll
 0005:000002f8       __imp_strcpy               00000001800192f8     ucrtd:ucrtbased.dll
 0005:00000300       __imp_atoi                 0000000180019300     ucrtd:ucrtbased.dll
 0005:00000308       __imp_realloc              0000000180019308     ucrtd:ucrtbased.dll
 0005:00000310       __imp_calloc               0000000180019310     ucrtd:ucrtbased.dll
 0005:00000318       __imp___stdio_common_vfprintf 0000000180019318     ucrtd:ucrtbased.dll
 0005:00000320       __imp_fputs                0000000180019320     ucrtd:ucrtbased.dll
 0005:00000328       __imp_fputc                0000000180019328     ucrtd:ucrtbased.dll
 0005:00000330       __imp_fopen                0000000180019330     ucrtd:ucrtbased.dll
 0005:00000338       __imp__fileno              0000000180019338     ucrtd:ucrtbased.dll
 0005:00000340       __imp_fclose               0000000180019340     ucrtd:ucrtbased.dll
 0005:00000348       __imp_isdigit              0000000180019348     ucrtd:ucrtbased.dll
 0005:00000350       __imp_isalpha              0000000180019350     ucrtd:ucrtbased.dll
 0005:00000358       __imp_setlocale            0000000180019358     ucrtd:ucrtbased.dll
 0005:00000360       __imp__configthreadlocale  0000000180019360     ucrtd:ucrtbased.dll
 0005:00000368       __imp_malloc               0000000180019368     ucrtd:ucrtbased.dll
 0005:00000370       __imp_free                 0000000180019370     ucrtd:ucrtbased.dll
 0005:00000378       __imp_exit                 0000000180019378     ucrtd:ucrtbased.dll
 0005:00000380       \177ucrtbased_NULL_THUNK_DATA 0000000180019380     ucrtd:ucrtbased.dll
 0005:00000420       __IMPORT_DESCRIPTOR_SHLWAPI 0000000180019420     Shlwapi:SHLWAPI.dll
 0005:00000434       __IMPORT_DESCRIPTOR_KERNEL32 0000000180019434     kernel32:KERNEL32.dll
 0005:00000448       __IMPORT_DESCRIPTOR_VCRUNTIME140D 0000000180019448     vcruntimed:VCRUNTIME140D.dll
 0005:0000045c       __IMPORT_DESCRIPTOR_ucrtbased 000000018001945c     ucrtd:ucrtbased.dll
 0005:00000470       __NULL_IMPORT_DESCRIPTOR   0000000180019470     Shlwapi:SHLWAPI.dll
 0006:00000000       __guard_check_icall_fptr   000000018001a000     MSVCRTD:guard_support.obj
 0006:00000010       __guard_xfg_check_icall_fptr 000000018001a010     MSVCRTD:guard_support.obj
 0006:00000020       __guard_dispatch_icall_fptr 000000018001a020     MSVCRTD:guard_support.obj
 0006:00000030       __guard_xfg_dispatch_icall_fptr 000000018001a030     MSVCRTD:guard_support.obj
 0006:00000040       __guard_xfg_table_dispatch_icall_fptr 000000018001a040     MSVCRTD:guard_support.obj
 0006:00000050       __castguard_check_failure_os_handled_fptr 000000018001a050     MSVCRTD:guard_support.obj
 0006:00000060       __guard_memcpy_fptr        000000018001a060     vcruntimed:softmemtag.obj

 entry point at        0001:0000000a

 Static symbols

 0000:00000000       _volmd                     0000000180000000     grammar.obj
 0000:00000000       _volmd                     0000000180000000     libconfig.obj
 0002:fffed000       $unwind$_vfprintf_l        0000000180000000     scanner.obj
 0002:fffed000       $unwind$fprintf            0000000180000000     scanner.obj
 0000:fffe3000       .debug$S                   0000000180000000     libconfigd.exp
 0000:fffe3000       .debug$S                   0000000180000000     ucrtd:ucrtbased.dll
 0000:fffe3000       .debug$S                   0000000180000000     ucrtd:ucrtbased.dll
 0000:fffe3000       .debug$S                   0000000180000000     ucrtd:ucrtbased.dll
 0000:fffe3000       .debug$S                   0000000180000000     ucrtd:ucrtbased.dll
 0000:fffe3000       .debug$S                   0000000180000000     ucrtd:ucrtbased.dll
 0000:fffe3000       .debug$S                   0000000180000000     ucrtd:ucrtbased.dll
 0000:fffe3000       .debug$S                   0000000180000000     ucrtd:ucrtbased.dll
 0000:fffe3000       .debug$S                   0000000180000000     ucrtd:ucrtbased.dll
 0000:fffe3000       .debug$S                   0000000180000000     ucrtd:ucrtbased.dll
 0000:fffe3000       .debug$S                   0000000180000000     ucrtd:ucrtbased.dll
 0000:fffe3000       .debug$S                   0000000180000000     ucrtd:ucrtbased.dll
 0000:fffe3000       .debug$S                   0000000180000000     ucrtd:ucrtbased.dll
 0000:fffe3000       .debug$S                   0000000180000000     ucrtd:ucrtbased.dll
 0000:fffe3000       .debug$S                   0000000180000000     ucrtd:ucrtbased.dll
 0000:fffe3000       .debug$S                   0000000180000000     ucrtd:ucrtbased.dll
 0000:fffe3000       .debug$S                   0000000180000000     ucrtd:ucrtbased.dll
 0000:fffe3000       .debug$S                   0000000180000000     ucrtd:ucrtbased.dll
 0000:fffe3000       .debug$S                   0000000180000000     ucrtd:ucrtbased.dll
 0000:fffe3000       .debug$S                   0000000180000000     ucrtd:ucrtbased.dll
 0000:fffe3000       .debug$S                   0000000180000000     ucrtd:ucrtbased.dll
 0000:fffe3000       .debug$S                   0000000180000000     ucrtd:ucrtbased.dll
 0000:fffe3000       .debug$S                   0000000180000000     ucrtd:ucrtbased.dll
 0000:fffe3000       .debug$S                   0000000180000000     ucrtd:ucrtbased.dll
 0000:fffe3000       .debug$S                   0000000180000000     ucrtd:ucrtbased.dll
 0000:fffe3000       .debug$S                   0000000180000000     ucrtd:ucrtbased.dll
 0000:fffe3000       .debug$S                   0000000180000000     ucrtd:ucrtbased.dll
 0000:fffe3000       .debug$S                   0000000180000000     ucrtd:ucrtbased.dll
 0000:fffe3000       .debug$S                   0000000180000000     ucrtd:ucrtbased.dll
 0000:fffe3000       .debug$S                   0000000180000000     ucrtd:ucrtbased.dll
 0000:fffe3000       .debug$S                   0000000180000000     ucrtd:ucrtbased.dll
 0000:fffe3000       .debug$S                   0000000180000000     ucrtd:ucrtbased.dll
 0000:fffe3000       .debug$S                   0000000180000000     ucrtd:ucrtbased.dll
 0000:fffe3000       .debug$S                   0000000180000000     ucrtd:ucrtbased.dll
 0000:fffe3000       .debug$S                   0000000180000000     ucrtd:ucrtbased.dll
 0000:fffe3000       .debug$S                   0000000180000000     ucrtd:ucrtbased.dll
 0000:fffe3000       .debug$S                   0000000180000000     ucrtd:ucrtbased.dll
 0000:fffe3000       .debug$S                   0000000180000000     ucrtd:ucrtbased.dll
 0000:fffe3000       .debug$S                   0000000180000000     ucrtd:ucrtbased.dll
 0000:fffe3000       .debug$S                   0000000180000000     ucrtd:ucrtbased.dll
 0000:fffe3000       .debug$S                   0000000180000000     ucrtd:ucrtbased.dll
 0000:fffe3000       .debug$S                   0000000180000000     ucrtd:ucrtbased.dll
 0000:fffe3000       .debug$S                   0000000180000000     ucrtd:ucrtbased.dll
 0000:fffe3000       .debug$S                   0000000180000000     ucrtd:ucrtbased.dll
 0000:fffe3000       .debug$S                   0000000180000000     ucrtd:ucrtbased.dll
 0000:fffe3000       .debug$S                   0000000180000000     ucrtd:ucrtbased.dll
 0000:fffe3000       .debug$S                   0000000180000000     ucrtd:ucrtbased.dll
 0000:fffe3000       .debug$S                   0000000180000000     ucrtd:ucrtbased.dll
 0000:fffe3000       .debug$S                   0000000180000000     ucrtd:ucrtbased.dll
 0000:fffe3000       .debug$S                   0000000180000000     Shlwapi:SHLWAPI.dll
 0000:fffe3000       .debug$S                   0000000180000000     kernel32:KERNEL32.dll
 0000:fffe3000       .debug$S                   0000000180000000     kernel32:KERNEL32.dll
 0000:fffe3000       .debug$S                   0000000180000000     kernel32:KERNEL32.dll
 0000:fffe3000       .debug$S                   0000000180000000     kernel32:KERNEL32.dll
 0000:fffe3000       .debug$S                   0000000180000000     kernel32:KERNEL32.dll
 0000:fffe3000       .debug$S                   0000000180000000     kernel32:KERNEL32.dll
 0000:fffe3000       .debug$S                   0000000180000000     kernel32:KERNEL32.dll
 0000:fffe3000       .debug$S                   0000000180000000     kernel32:KERNEL32.dll
 0000:fffe3000       .debug$S                   0000000180000000     kernel32:KERNEL32.dll
 0000:fffe3000       .debug$S                   0000000180000000     kernel32:KERNEL32.dll
 0000:fffe3000       .debug$S                   0000000180000000     kernel32:KERNEL32.dll
 0000:fffe3000       .debug$S                   0000000180000000     kernel32:KERNEL32.dll
 0000:fffe3000       .debug$S                   0000000180000000     kernel32:KERNEL32.dll
 0000:fffe3000       .debug$S                   0000000180000000     kernel32:KERNEL32.dll
 0000:fffe3000       .debug$S                   0000000180000000     kernel32:KERNEL32.dll
 0000:fffe3000       .debug$S                   0000000180000000     kernel32:KERNEL32.dll
 0000:fffe3000       .debug$S                   0000000180000000     kernel32:KERNEL32.dll
 0000:fffe3000       .debug$S                   0000000180000000     kernel32:KERNEL32.dll
 0000:00000000       _volmd                     0000000180000000     MSVCRTD:cpu_disp.obj
 0000:fffe6000       __guard_ehcont_?dllmain_dispatch@@YAHQEAUHINSTANCE__@@KQEAX@Z 0000000180000000     MSVCRTD:dll_dllmain.obj
 0000:fffe6000       __guard_fids_?dllmain_dispatch@@YAHQEAUHINSTANCE__@@KQEAX@Z 0000000180000000     MSVCRTD:dll_dllmain.obj
 0000:00000000       _volmd                     0000000180000000     MSVCRTD:gs_report.obj
 0000:00000000       _volmd                     0000000180000000     MSVCRTD:gs_report.obj
 0000:00000000       _volmd                     0000000180000000     MSVCRTD:gs_report.obj
 0000:fffe6000       __guard_fids__             0000000180000000     MSVCRTD:guard_support.obj
 0000:fffe6000       __guard_fids__             0000000180000000     MSVCRTD:guard_support.obj
 0000:fffe6000       __guard_fids__guard_icall_checks_enforced 0000000180000000     MSVCRTD:guard_support.obj
 0000:00000000       _volmd                     0000000180000000     MSVCRTD:guard_support.obj
 0000:00000000       _volmd                     0000000180000000     MSVCRTD:guard_support.obj
 0000:fffe6000       __guard_ehcont___scrt_is_nonwritable_in_current_image 0000000180000000     MSVCRTD:utility.obj
 0000:00000000       _volmd                     0000000180000000     MSVCRTD:utility.obj
 0000:00000000       _volmd                     0000000180000000     MSVCRTD:utility.obj
 0000:00000000       _volmd                     0000000180000000     MSVCRTD:utility.obj
 0000:fffe6000       __guard_fids___scrt_set_unhandled_exception_filter 0000000180000000     MSVCRTD:utility_desktop.obj
 0000:00000000       _volmd                     0000000180000000     MSVCRTD:utility_desktop.obj
 0000:fffe6000       __guard_fids__             0000000180000000     vcruntimed:softmemtag.obj
 0000:fffe3000       .debug$S                   0000000180000000     vcruntimed:VCRUNTIME140D.dll
 0000:fffe3000       .debug$S                   0000000180000000     vcruntimed:VCRUNTIME140D.dll
 0000:fffe3000       .debug$S                   0000000180000000     vcruntimed:VCRUNTIME140D.dll
 0000:fffe3000       .debug$S                   0000000180000000     vcruntimed:VCRUNTIME140D.dll
 0000:fffe3000       .debug$S                   0000000180000000     vcruntimed:VCRUNTIME140D.dll
 0000:fffe3000       .debug$S                   0000000180000000     vcruntimed:VCRUNTIME140D.dll
 0000:fffe3000       .debug$S                   0000000180000000     vcruntimed:VCRUNTIME140D.dll
 0000:fffe3000       .debug$S                   0000000180000000     vcruntimed:VCRUNTIME140D.dll
 0000:00000010       _volmd                     0000000180000010     libconfig.obj
 0000:00000020       _volmd                     0000000180000020     libconfig.obj
 0001:00000820       capture_parse_pos          0000000180001820 f   grammar.obj
 0001:00001e0c       $LN137                     0000000180002e0c     grammar.obj
 0001:00001e90       yydestruct                 0000000180002e90 f   grammar.obj
 0001:00002490       fstat                      0000000180003490 f   libconfig.obj
 0001:000040f0       __config_list_destroy      00000001800050f0 f   libconfig.obj
 0001:00004180       __config_write_setting     0000000180005180 f   libconfig.obj
 0001:000042f0       __config_locale_override   00000001800052f0 f   libconfig.obj
 0001:00004320       __config_locale_restore    0000000180005320 f   libconfig.obj
 0001:00004340       __config_name_compare      0000000180005340 f   libconfig.obj
 0001:00004480       __config_indent            0000000180005480 f   libconfig.obj
 0001:00004510       __config_write_value       0000000180005510 f   libconfig.obj
 0001:00004c38       $LN62                      0000000180005c38     libconfig.obj
 0001:00004c58       $LN61                      0000000180005c58     libconfig.obj
 0001:00004c74       $LN60                      0000000180005c74     libconfig.obj
 0001:00004cd0       __config_list_add          0000000180005cd0 f   libconfig.obj
 0001:00004d60       __config_list_search       0000000180005d60 f   libconfig.obj
 0001:00004e20       __config_list_remove       0000000180005e20 f   libconfig.obj
 0001:00004ec0       __config_setting_destroy   0000000180005ec0 f   libconfig.obj
 0001:00004f80       __config_list_checktype    0000000180005f80 f   libconfig.obj
 0001:00005010       __config_type_is_scalar    0000000180006010 f   libconfig.obj
 0001:00005050       __config_validate_name     0000000180006050 f   libconfig.obj
 0001:00005120       __config_read              0000000180006120 f   libconfig.obj
 0001:00005310       config_setting_create      0000000180006310 f   libconfig.obj
 0001:00005430       __config_setting_get_int   0000000180006430 f   libconfig.obj
 0001:00005500       __config_setting_get_int64 0000000180006500 f   libconfig.obj
 0001:000055b0       __config_setting_get_float 00000001800065b0 f   libconfig.obj
 0001:000071a0       libconfig_yyensure_buffer_stack 00000001800081a0 f   scanner.obj
 0001:00007310       libconfig_yy_load_buffer_state 0000000180008310 f   scanner.obj
 0001:000073b0       libconfig_yy_init_buffer   00000001800083b0 f   scanner.obj
 0001:00007790       yy_get_previous_state      0000000180008790 f   scanner.obj
 0001:00007900       yy_try_NUL_trans           0000000180008900 f   scanner.obj
 0001:00007a20       yy_get_next_buffer         0000000180008a20 f   scanner.obj
 0001:00008100       yy_fatal_error             0000000180009100 f   scanner.obj
 0001:00008150       yy_init_globals            0000000180009150 f   scanner.obj
 0001:0000a8bc       $LN252                     000000018000b8bc     scanner.obj
 0001:0000c310       $$000000                   000000018000d310     MSVCRTD:amdsecgs.obj
 0001:0000c350       ?dllmain_crt_dispatch@@YAHQEAUHINSTANCE__@@KQEAX@Z 000000018000d350 f   MSVCRTD:dll_dllmain.obj
 0001:0000c400       ?dllmain_crt_process_attach@@YAHQEAUHINSTANCE__@@QEAX@Z 000000018000d400 f   MSVCRTD:dll_dllmain.obj
 0001:0000c590       ?dllmain_crt_process_detach@@YAH_N@Z 000000018000d590 f   MSVCRTD:dll_dllmain.obj
 0001:0000c650       ?dllmain_dispatch@@YAHQEAUHINSTANCE__@@KQEAX@Z 000000018000d650 f   MSVCRTD:dll_dllmain.obj
 0001:0000c7e0       ?dllmain_raw@@YAHQEAUHINSTANCE__@@KQEAX@Z 000000018000d7e0 f   MSVCRTD:dll_dllmain.obj
 0001:0000cc90       capture_current_context    000000018000dc90 f   MSVCRTD:gs_report.obj
 0001:0000cd50       capture_previous_context   000000018000dd50 f   MSVCRTD:gs_report.obj
 0001:0000ce30       __get_entropy              000000018000de30 f   MSVCRTD:gs_support.obj
 0001:0000d090       ?find_pe_section@@YAPEAU_IMAGE_SECTION_HEADER@@QEAE_K@Z 000000018000e090 f   MSVCRTD:utility.obj
 0001:0000d1b0       ?is_potentially_valid_image_base@@YA_NQEAX@Z 000000018000e1b0 f   MSVCRTD:utility.obj
 0001:0000df20       __castguard_check_failure_os_handled_wrapper 000000018000ef20 f   MSVCRTD:guard_support.obj
 0001:0000df60       __castguard_compat_check   000000018000ef60 f   MSVCRTD:guard_support.obj
 0001:0000e120       __castguard_slow_path_compat_check 000000018000f120 f   MSVCRTD:guard_support.obj
 0001:0000fc60       $$000000                   0000000180010c60     MSVCRTD:guard_dispatch.obj
 0001:0000fc80       $$000000                   0000000180010c80     MSVCRTD:guard_xfg_dispatch.obj
 0001:00010ca0       ?fin$0@?0??dllmain_crt_process_attach@@YAHQEAUHINSTANCE__@@QEAX@Z@4HA 0000000180011ca0 f   MSVCRTD:dll_dllmain.obj
 0001:00010cc0       ?fin$0@?0??dllmain_crt_process_detach@@YAH_N@Z@4HA 0000000180011cc0 f   MSVCRTD:dll_dllmain.obj
 0001:00010cda       ?fin$1@?0??dllmain_crt_process_detach@@YAH_N@Z@4HA 0000000180011cda f   MSVCRTD:dll_dllmain.obj
 0001:00010d00       ?filt$0@?0??dllmain_dispatch@@YAHQEAUHINSTANCE__@@KQEAX@Z@4HA 0000000180011d00 f   MSVCRTD:dll_dllmain.obj
 0001:00010d60       __scrt_is_nonwritable_in_current_image$filt$0 0000000180011d60 f   MSVCRTD:utility.obj
 0002:00000880       yytranslate                0000000180013880     grammar.obj
 0002:00000998       yypact                     0000000180013998     grammar.obj
 0002:000009c8       yydefact                   00000001800139c8     grammar.obj
 0002:000009f8       yypgoto                    00000001800139f8     grammar.obj
 0002:00000a10       yydefgoto                  0000000180013a10     grammar.obj
 0002:00000a28       yytable                    0000000180013a28     grammar.obj
 0002:00000a50       yycheck                    0000000180013a50     grammar.obj
 0002:00000a78       yystos                     0000000180013a78     grammar.obj
 0002:00000aa8       yyr1                       0000000180013aa8     grammar.obj
 0002:00000ad8       yyr2                       0000000180013ad8     grammar.obj
 0002:00000b90       yy_accept                  0000000180013b90     scanner.obj
 0002:00000c70       yy_ec                      0000000180013c70     scanner.obj
 0002:00000d70       yy_meta                    0000000180013d70     scanner.obj
 0002:00000db0       yy_base                    0000000180013db0     scanner.obj
 0002:00000ea0       yy_def                     0000000180013ea0     scanner.obj
 0002:00000f90       yy_nxt                     0000000180013f90     scanner.obj
 0002:00001190       yy_chk                     0000000180014190     scanner.obj
 0002:00001390       yy_rule_can_match_eol      0000000180014390     scanner.obj
 0002:00001608       ?mask@?1??libconfig_strbuf_ensure_capacity@@9@9 0000000180014608     strbuf.obj
 0002:00001628       GS_ExceptionPointers       0000000180014628     MSVCRTD:gs_report.obj
 0002:000022f0       $unwind$capture_parse_pos  00000001800152f0     grammar.obj
 0002:000022f8       $unwind$libconfig_yyerror  00000001800152f8     grammar.obj
 0002:00002300       $unwind$libconfig_yyparse  0000000180015300     grammar.obj
 0002:00002310       $unwind$yydestruct         0000000180015310     grammar.obj
 0002:0000231c       $unwind$_vfprintf_l        000000018001531c     libconfig.obj
 0002:00002324       $unwind$fprintf            0000000180015324     libconfig.obj
 0002:0000232c       $unwind$fstat              000000018001532c     libconfig.obj
 0002:00002334       $unwind$config_read        0000000180015334     libconfig.obj
 0002:0000233c       $unwind$config_write       000000018001533c     libconfig.obj
 0002:00002344       $unwind$config_get_option  0000000180015344     libconfig.obj
 0002:0000234c       $unwind$config_read_string 000000018001534c     libconfig.obj
 0002:00002354       $unwind$config_read_file   0000000180015354     libconfig.obj
 0002:00002364       $unwind$config_write_file  0000000180015364     libconfig.obj
 0002:0000236c       $unwind$config_set_include_dir 000000018001536c     libconfig.obj
 0002:00002374       $unwind$config_set_include_func 0000000180015374     libconfig.obj
 0002:0000237c       $unwind$config_set_tab_width 000000018001537c     libconfig.obj
 0002:00002384       $unwind$config_init        0000000180015384     libconfig.obj
 0002:0000238c       $unwind$config_destroy     000000018001538c     libconfig.obj
 0002:00002394       $unwind$config_clear       0000000180015394     libconfig.obj
 0002:0000239c       $unwind$config_setting_get_int 000000018001539c     libconfig.obj
 0002:000023a4       $unwind$config_setting_get_int64 00000001800153a4     libconfig.obj
 0002:000023ac       $unwind$config_setting_get_float 00000001800153ac     libconfig.obj
 0002:000023b4       $unwind$config_setting_get_bool 00000001800153b4     libconfig.obj
 0002:000023bc       $unwind$config_setting_get_string 00000001800153bc     libconfig.obj
 0002:000023c4       $unwind$config_setting_lookup_int 00000001800153c4     libconfig.obj
 0002:000023cc       $unwind$config_setting_lookup_int64 00000001800153cc     libconfig.obj
 0002:000023d4       $unwind$config_setting_lookup_float 00000001800153d4     libconfig.obj
 0002:000023dc       $unwind$config_setting_lookup_bool 00000001800153dc     libconfig.obj
 0002:000023e4       $unwind$config_setting_lookup_string 00000001800153e4     libconfig.obj
 0002:000023ec       $unwind$config_setting_set_int 00000001800153ec     libconfig.obj
 0002:000023f4       $unwind$config_setting_set_int64 00000001800153f4     libconfig.obj
 0002:000023fc       $unwind$config_setting_set_float 00000001800153fc     libconfig.obj
 0002:00002404       $unwind$config_setting_set_string 0000000180015404     libconfig.obj
 0002:0000240c       $unwind$config_setting_get_format 000000018001540c     libconfig.obj
 0002:00002414       $unwind$config_setting_get_int_elem 0000000180015414     libconfig.obj
 0002:0000241c       $unwind$config_setting_get_int64_elem 000000018001541c     libconfig.obj
 0002:00002424       $unwind$config_setting_get_float_elem 0000000180015424     libconfig.obj
 0002:0000242c       $unwind$config_setting_get_bool_elem 000000018001542c     libconfig.obj
 0002:00002434       $unwind$config_setting_get_string_elem 0000000180015434     libconfig.obj
 0002:0000243c       $unwind$config_setting_set_int_elem 000000018001543c     libconfig.obj
 0002:00002444       $unwind$config_setting_set_int64_elem 0000000180015444     libconfig.obj
 0002:0000244c       $unwind$config_setting_set_float_elem 000000018001544c     libconfig.obj
 0002:00002454       $unwind$config_setting_set_bool_elem 0000000180015454     libconfig.obj
 0002:0000245c       $unwind$config_setting_set_string_elem 000000018001545c     libconfig.obj
 0002:00002464       $unwind$config_default_include_func 0000000180015464     libconfig.obj
 0002:0000246c       $unwind$config_setting_is_scalar 000000018001546c     libconfig.obj
 0002:00002474       $unwind$config_setting_is_aggregate 0000000180015474     libconfig.obj
 0002:0000247c       $unwind$config_setting_index 000000018001547c     libconfig.obj
 0002:00002484       $unwind$config_setting_length 0000000180015484     libconfig.obj
 0002:0000248c       $unwind$config_setting_get_elem 000000018001548c     libconfig.obj
 0002:00002494       $unwind$config_setting_get_member 0000000180015494     libconfig.obj
 0002:0000249c       $unwind$config_setting_add 000000018001549c     libconfig.obj
 0002:000024a4       $unwind$config_setting_remove 00000001800154a4     libconfig.obj
 0002:000024ac       $unwind$config_setting_remove_elem 00000001800154ac     libconfig.obj
 0002:000024b4       $unwind$config_lookup      00000001800154b4     libconfig.obj
 0002:000024bc       $unwind$config_setting_lookup 00000001800154bc     libconfig.obj
 0002:000024c4       $unwind$config_lookup_int  00000001800154c4     libconfig.obj
 0002:000024cc       $unwind$config_lookup_int64 00000001800154cc     libconfig.obj
 0002:000024d4       $unwind$config_lookup_float 00000001800154d4     libconfig.obj
 0002:000024dc       $unwind$config_lookup_bool 00000001800154dc     libconfig.obj
 0002:000024e4       $unwind$config_lookup_string 00000001800154e4     libconfig.obj
 0002:000024ec       $unwind$__config_list_destroy 00000001800154ec     libconfig.obj
 0002:000024f4       $unwind$__config_write_setting 00000001800154f4     libconfig.obj
 0002:000024fc       $unwind$__config_locale_override 00000001800154fc     libconfig.obj
 0002:00002504       $unwind$__config_locale_restore 0000000180015504     libconfig.obj
 0002:0000250c       $unwind$__config_name_compare 000000018001550c     libconfig.obj
 0002:00002514       $unwind$__config_indent    0000000180015514     libconfig.obj
 0002:0000251c       $unwind$__config_write_value 000000018001551c     libconfig.obj
 0002:0000252c       $unwind$__config_list_add  000000018001552c     libconfig.obj
 0002:00002534       $unwind$__config_list_search 0000000180015534     libconfig.obj
 0002:0000253c       $unwind$__config_list_remove 000000018001553c     libconfig.obj
 0002:00002544       $unwind$__config_setting_destroy 0000000180015544     libconfig.obj
 0002:0000254c       $unwind$__config_list_checktype 000000018001554c     libconfig.obj
 0002:00002554       $unwind$__config_type_is_scalar 0000000180015554     libconfig.obj
 0002:0000255c       $unwind$__config_validate_name 000000018001555c     libconfig.obj
 0002:00002564       $unwind$__config_read      0000000180015564     libconfig.obj
 0002:00002574       $unwind$config_setting_create 0000000180015574     libconfig.obj
 0002:0000257c       $unwind$__config_setting_get_int 000000018001557c     libconfig.obj
 0002:00002584       $unwind$__config_setting_get_int64 0000000180015584     libconfig.obj
 0002:0000258c       $unwind$__config_setting_get_float 000000018001558c     libconfig.obj
 0002:000025d4       $unwind$libconfig_scanctx_init 00000001800155d4     scanctx.obj
 0002:000025dc       $unwind$libconfig_scanctx_cleanup 00000001800155dc     scanctx.obj
 0002:000025e4       $unwind$libconfig_scanctx_push_include 00000001800155e4     scanctx.obj
 0002:000025ec       $unwind$libconfig_scanctx_next_include_file 00000001800155ec     scanctx.obj
 0002:000025f4       $unwind$libconfig_scanctx_pop_include 00000001800155f4     scanctx.obj
 0002:000025fc       $unwind$libconfig_scanctx_take_string 00000001800155fc     scanctx.obj
 0002:00002608       $unwind$libconfig_yyrestart 0000000180015608     scanner.obj
 0002:00002610       $unwind$libconfig_yy_switch_to_buffer 0000000180015610     scanner.obj
 0002:00002618       $unwind$libconfig_yy_create_buffer 0000000180015618     scanner.obj
 0002:00002620       $unwind$libconfig_yy_delete_buffer 0000000180015620     scanner.obj
 0002:00002628       $unwind$libconfig_yy_flush_buffer 0000000180015628     scanner.obj
 0002:00002630       $unwind$libconfig_yypush_buffer_state 0000000180015630     scanner.obj
 0002:00002638       $unwind$libconfig_yypop_buffer_state 0000000180015638     scanner.obj
 0002:00002640       $unwind$libconfig_yyensure_buffer_stack 0000000180015640     scanner.obj
 0002:00002648       $unwind$libconfig_yy_load_buffer_state 0000000180015648     scanner.obj
 0002:00002650       $unwind$libconfig_yy_init_buffer 0000000180015650     scanner.obj
 0002:00002658       $unwind$libconfig_yy_scan_buffer 0000000180015658     scanner.obj
 0002:00002660       $unwind$libconfig_yy_scan_string 0000000180015660     scanner.obj
 0002:00002668       $unwind$libconfig_yy_scan_bytes 0000000180015668     scanner.obj
 0002:00002670       $unwind$libconfig_yyalloc  0000000180015670     scanner.obj
 0002:00002678       $unwind$libconfig_yyrealloc 0000000180015678     scanner.obj
 0002:00002680       $unwind$libconfig_yyfree   0000000180015680     scanner.obj
 0002:00002688       $unwind$yy_get_previous_state 0000000180015688     scanner.obj
 0002:00002690       $unwind$yy_try_NUL_trans   0000000180015690     scanner.obj
 0002:00002698       $unwind$yy_get_next_buffer 0000000180015698     scanner.obj
 0002:000026a0       $unwind$yy_fatal_error     00000001800156a0     scanner.obj
 0002:000026a8       $unwind$yy_init_globals    00000001800156a8     scanner.obj
 0002:000026b0       $unwind$libconfig_yylex_init 00000001800156b0     scanner.obj
 0002:000026b8       $unwind$libconfig_yylex_init_extra 00000001800156b8     scanner.obj
 0002:000026c0       $unwind$libconfig_yylex_destroy 00000001800156c0     scanner.obj
 0002:000026c8       $unwind$libconfig_yyget_debug 00000001800156c8     scanner.obj
 0002:000026d0       $unwind$libconfig_yyset_debug 00000001800156d0     scanner.obj
 0002:000026d8       $unwind$libconfig_yyget_extra 00000001800156d8     scanner.obj
 0002:000026e0       $unwind$libconfig_yyset_extra 00000001800156e0     scanner.obj
 0002:000026e8       $unwind$libconfig_yyget_in 00000001800156e8     scanner.obj
 0002:000026f0       $unwind$libconfig_yyset_in 00000001800156f0     scanner.obj
 0002:000026f8       $unwind$libconfig_yyget_out 00000001800156f8     scanner.obj
 0002:00002700       $unwind$libconfig_yyset_out 0000000180015700     scanner.obj
 0002:00002708       $unwind$libconfig_yyget_leng 0000000180015708     scanner.obj
 0002:00002710       $unwind$libconfig_yyget_text 0000000180015710     scanner.obj
 0002:00002718       $unwind$libconfig_yyget_lineno 0000000180015718     scanner.obj
 0002:00002720       $unwind$libconfig_yyset_lineno 0000000180015720     scanner.obj
 0002:00002728       $unwind$libconfig_yyget_column 0000000180015728     scanner.obj
 0002:00002730       $unwind$libconfig_yyset_column 0000000180015730     scanner.obj
 0002:00002738       $unwind$libconfig_yyget_lval 0000000180015738     scanner.obj
 0002:00002740       $unwind$libconfig_yyset_lval 0000000180015740     scanner.obj
 0002:00002748       $unwind$libconfig_yylex    0000000180015748     scanner.obj
 0002:00002770       $unwind$libconfig_strbuf_append_string 0000000180015770     strbuf.obj
 0002:00002778       $unwind$libconfig_strbuf_append_char 0000000180015778     strbuf.obj
 0002:00002780       $unwind$libconfig_strbuf_release 0000000180015780     strbuf.obj
 0002:00002788       $unwind$libconfig_strbuf_ensure_capacity 0000000180015788     strbuf.obj
 0002:00002794       $unwind$libconfig_strvec_append 0000000180015794     strvec.obj
 0002:0000279c       $unwind$libconfig_strvec_release 000000018001579c     strvec.obj
 0002:000027a4       $unwind$libconfig_strvec_delete 00000001800157a4     strvec.obj
 0002:000027b0       $unwind$libconfig_parse_integer 00000001800157b0     util.obj
 0002:000027b8       $unwind$libconfig_parse_hex64 00000001800157b8     util.obj
 0002:000027c0       $unwind$libconfig_format_double 00000001800157c0     util.obj
 0002:000027cc       $unwind$vsnprintf          00000001800157cc     util.obj
 0002:000027d4       $unwind$snprintf           00000001800157d4     util.obj
 0002:000027dc       $unwind$fsync              00000001800157dc     wincompat.obj
 0002:000027e4       $unwind$__GSHandlerCheckCommon 00000001800157e4     MSVCRTD:gshandler.obj
 0002:000027ec       $unwind$__GSHandlerCheck   00000001800157ec     MSVCRTD:gshandler.obj
 0002:000027f8       $xdatasym                  00000001800157f8     MSVCRTD:amdsecgs.obj
 0002:000027fc       $unwind$?dllmain_crt_process_attach@@YAHQEAUHINSTANCE__@@QEAX@Z 00000001800157fc     MSVCRTD:dll_dllmain.obj
 0002:00002820       $unwind$?fin$0@?0??dllmain_crt_process_attach@@YAHQEAUHINSTANCE__@@QEAX@Z@4HA 0000000180015820     MSVCRTD:dll_dllmain.obj
 0002:00002828       $unwind$?dllmain_crt_process_detach@@YAH_N@Z 0000000180015828     MSVCRTD:dll_dllmain.obj
 0002:0000285c       $unwind$?fin$0@?0??dllmain_crt_process_detach@@YAH_N@Z@4HA 000000018001585c     MSVCRTD:dll_dllmain.obj
 0002:00002864       $unwind$?fin$1@?0??dllmain_crt_process_detach@@YAH_N@Z@4HA 0000000180015864     MSVCRTD:dll_dllmain.obj
 0002:0000286c       $unwind$?dllmain_crt_dispatch@@YAHQEAUHINSTANCE__@@KQEAX@Z 000000018001586c     MSVCRTD:dll_dllmain.obj
 0002:00002874       $unwind$_CRT_INIT          0000000180015874     MSVCRTD:dll_dllmain.obj
 0002:0000287c       $unwind$?dllmain_raw@@YAHQEAUHINSTANCE__@@KQEAX@Z 000000018001587c     MSVCRTD:dll_dllmain.obj
 0002:00002884       $unwind$?dllmain_dispatch@@YAHQEAUHINSTANCE__@@KQEAX@Z 0000000180015884     MSVCRTD:dll_dllmain.obj
 0002:000028a8       $unwind$?filt$0@?0??dllmain_dispatch@@YAHQEAUHINSTANCE__@@KQEAX@Z@4HA 00000001800158a8     MSVCRTD:dll_dllmain.obj
 0002:000028b0       $unwind$_DllMainCRTStartup 00000001800158b0     MSVCRTD:dll_dllmain.obj
 0002:000028b8       $unwind$__report_securityfailure 00000001800158b8     MSVCRTD:gs_report.obj
 0002:000028c0       $unwind$__report_securityfailureEx 00000001800158c0     MSVCRTD:gs_report.obj
 0002:000028c8       $unwind$__report_rangecheckfailure 00000001800158c8     MSVCRTD:gs_report.obj
 0002:000028d0       $unwind$__report_gsfailure 00000001800158d0     MSVCRTD:gs_report.obj
 0002:000028d8       $unwind$capture_current_context 00000001800158d8     MSVCRTD:gs_report.obj
 0002:000028e0       $unwind$capture_previous_context 00000001800158e0     MSVCRTD:gs_report.obj
 0002:000028e8       $unwind$__raise_securityfailure 00000001800158e8     MSVCRTD:gs_report.obj
 0002:000028f0       $unwind$__security_init_cookie 00000001800158f0     MSVCRTD:gs_support.obj
 0002:000028f8       $unwind$__get_entropy      00000001800158f8     MSVCRTD:gs_support.obj
 0002:00002900       $unwind$?__scrt_initialize_type_info@@YAXXZ 0000000180015900     MSVCRTD:tncleanup.obj
 0002:00002908       $unwind$?__scrt_uninitialize_type_info@@YAXXZ 0000000180015908     MSVCRTD:tncleanup.obj
 0002:00002910       $unwind$__scrt_initialize_default_local_stdio_options 0000000180015910     MSVCRTD:default_local_stdio_options.obj
 0002:00002918       $unwind$atexit             0000000180015918     MSVCRTD:utility.obj
 0002:00002920       $unwind$_onexit            0000000180015920     MSVCRTD:utility.obj
 0002:00002928       $unwind$at_quick_exit      0000000180015928     MSVCRTD:utility.obj
 0002:00002930       $unwind$__scrt_is_nonwritable_in_current_image 0000000180015930     MSVCRTD:utility.obj
 0002:00002954       $unwind$__scrt_is_nonwritable_in_current_image$filt$0 0000000180015954     MSVCRTD:utility.obj
 0002:0000295c       $unwind$__scrt_acquire_startup_lock 000000018001595c     MSVCRTD:utility.obj
 0002:00002964       $unwind$__scrt_release_startup_lock 0000000180015964     MSVCRTD:utility.obj
 0002:0000296c       $unwind$__scrt_initialize_crt 000000018001596c     MSVCRTD:utility.obj
 0002:00002974       $unwind$__scrt_uninitialize_crt 0000000180015974     MSVCRTD:utility.obj
 0002:0000297c       $unwind$__scrt_initialize_onexit_tables 000000018001597c     MSVCRTD:utility.obj
 0002:0000298c       $unwind$__scrt_dllmain_exception_filter 000000018001598c     MSVCRTD:utility.obj
 0002:00002994       $unwind$__scrt_dllmain_before_initialize_c 0000000180015994     MSVCRTD:utility.obj
 0002:0000299c       $unwind$__scrt_dllmain_after_initialize_c 000000018001599c     MSVCRTD:utility.obj
 0002:000029a4       $unwind$__scrt_dllmain_uninitialize_c 00000001800159a4     MSVCRTD:utility.obj
 0002:000029ac       $unwind$__scrt_dllmain_uninitialize_critical 00000001800159ac     MSVCRTD:utility.obj
 0002:000029b4       $unwind$__scrt_dllmain_crt_thread_attach 00000001800159b4     MSVCRTD:utility.obj
 0002:000029bc       $unwind$__scrt_dllmain_crt_thread_detach 00000001800159bc     MSVCRTD:utility.obj
 0002:000029c4       $unwind$?configure_argv@__scrt_narrow_argv_policy@@SAHXZ 00000001800159c4     MSVCRTD:utility.obj
 0002:000029cc       $unwind$?initialize_environment@__scrt_narrow_environment_policy@@SAHXZ 00000001800159cc     MSVCRTD:utility.obj
 0002:000029d4       $unwind$?is_potentially_valid_image_base@@YA_NQEAX@Z 00000001800159d4     MSVCRTD:utility.obj
 0002:000029dc       $unwind$?find_pe_section@@YAPEAU_IMAGE_SECTION_HEADER@@QEAE_K@Z 00000001800159dc     MSVCRTD:utility.obj
 0002:000029e4       $unwind$__scrt_get_show_window_mode 00000001800159e4     MSVCRTD:utility_desktop.obj
 0002:000029f4       $unwind$__scrt_is_managed_app 00000001800159f4     MSVCRTD:utility_desktop.obj
 0002:000029fc       $unwind$__scrt_initialize_mta 00000001800159fc     MSVCRTD:utility_desktop.obj
 0002:00002a04       $unwind$__scrt_set_unhandled_exception_filter 0000000180015a04     MSVCRTD:utility_desktop.obj
 0002:00002a0c       $unwind$__scrt_fastfail    0000000180015a0c     MSVCRTD:utility_desktop.obj
 0002:00002a1c       $unwind$__scrt_unhandled_exception_filter 0000000180015a1c     MSVCRTD:utility_desktop.obj
 0002:00002a24       $unwind$_RTC_Initialize    0000000180015a24     MSVCRTD:initsect.obj
 0002:00002a34       $unwind$_RTC_Terminate     0000000180015a34     MSVCRTD:initsect.obj
 0002:00002a44       $unwind$ReadNoFence64      0000000180015a44     MSVCRTD:guard_support.obj
 0002:00002a4c       $unwind$ReadPointerNoFence 0000000180015a4c     MSVCRTD:guard_support.obj
 0002:00002a54       $unwind$_guard_icall_checks_enforced 0000000180015a54     MSVCRTD:guard_support.obj
 0002:00002a5c       $unwind$__castguard_compat_check 0000000180015a5c     MSVCRTD:guard_support.obj
 0002:00002a64       $unwind$__castguard_check_failure_os_handled_wrapper 0000000180015a64     MSVCRTD:guard_support.obj
 0002:00002a6c       $unwind$__castguard_check_failure_debugbreak 0000000180015a6c     MSVCRTD:guard_support.obj
 0002:00002a74       $unwind$__castguard_check_failure_fastfail 0000000180015a74     MSVCRTD:guard_support.obj
 0002:00002a7c       $unwind$__castguard_check_failure_os_handled 0000000180015a7c     MSVCRTD:guard_support.obj
 0002:00002a84       $unwind$__castguard_slow_path_compat_check 0000000180015a84     MSVCRTD:guard_support.obj
 0002:00002a8c       $unwind$__castguard_slow_path_check_debugbreak 0000000180015a8c     MSVCRTD:guard_support.obj
 0002:00002a94       $unwind$__castguard_slow_path_check_fastfail 0000000180015a94     MSVCRTD:guard_support.obj
 0002:00002a9c       $unwind$__castguard_slow_path_check_os_handled 0000000180015a9c     MSVCRTD:guard_support.obj
 0002:00002aa4       $unwind$__isa_available_init 0000000180015aa4     MSVCRTD:cpu_disp.obj
 0002:00002ab8       $unwind$__scrt_is_ucrt_dll_in_use 0000000180015ab8     MSVCRTD:ucrt_detection.obj
 0002:00002ac0       $xdatasym                  0000000180015ac0     MSVCRTD:guard_dispatch.obj
 0002:00002ac8       $xdatasym                  0000000180015ac8     MSVCRTD:guard_xfg_dispatch.obj
 0002:00002d10       .edata                     0000000180015d10     libconfigd.exp
 0002:00002d38       rgpv                       0000000180015d38     libconfigd.exp
 0002:00002e3c       rgszName                   0000000180015e3c     libconfigd.exp
 0002:00002f40       rgwOrd                     0000000180015f40     libconfigd.exp
 0002:00002fc2       szName                     0000000180015fc2     libconfigd.exp
 0002:00002fd1       $N00001                    0000000180015fd1     libconfigd.exp
 0002:00002fde       $N00002                    0000000180015fde     libconfigd.exp
 0002:00002ffa       $N00003                    0000000180015ffa     libconfigd.exp
 0002:00003009       $N00004                    0000000180016009     libconfigd.exp
 0002:00003024       $N00005                    0000000180016024     libconfigd.exp
 0002:00003036       $N00006                    0000000180016036     libconfigd.exp
 0002:00003049       $N00007                    0000000180016049     libconfigd.exp
 0002:0000305e       $N00008                    000000018001605e     libconfigd.exp
 0002:0000306a       $N00009                    000000018001606a     libconfigd.exp
 0002:00003078       $N00010                    0000000180016078     libconfigd.exp
 0002:0000308b       $N00011                    000000018001608b     libconfigd.exp
 0002:0000309f       $N00012                    000000018001609f     libconfigd.exp
 0002:000030b1       $N00013                    00000001800160b1     libconfigd.exp
 0002:000030c5       $N00014                    00000001800160c5     libconfigd.exp
 0002:000030da       $N00015                    00000001800160da     libconfigd.exp
 0002:000030e6       $N00016                    00000001800160e6     libconfigd.exp
 0002:000030f7       $N00017                    00000001800160f7     libconfigd.exp
 0002:0000310a       $N00018                    000000018001610a     libconfigd.exp
 0002:00003120       $N00019                    0000000180016120     libconfigd.exp
 0002:0000313b       $N00020                    000000018001613b     libconfigd.exp
 0002:0000314b       $N00021                    000000018001614b     libconfigd.exp
 0002:00003162       $N00022                    0000000180016162     libconfigd.exp
 0002:0000317a       $N00023                    000000018001617a     libconfigd.exp
 0002:0000318c       $N00024                    000000018001618c     libconfigd.exp
 0002:0000319f       $N00025                    000000018001619f     libconfigd.exp
 0002:000031b4       $N00026                    00000001800161b4     libconfigd.exp
 0002:000031c7       $N00027                    00000001800161c7     libconfigd.exp
 0002:000031df       $N00028                    00000001800161df     libconfigd.exp
 0002:000031fc       $N00029                    00000001800161fc     libconfigd.exp
 0002:00003214       $N00030                    0000000180016214     libconfigd.exp
 0002:0000322d       $N00031                    000000018001622d     libconfigd.exp
 0002:0000324b       $N00032                    000000018001624b     libconfigd.exp
 0002:00003265       $N00033                    0000000180016265     libconfigd.exp
 0002:0000327c       $N00034                    000000018001627c     libconfigd.exp
 0002:00003295       $N00035                    0000000180016295     libconfigd.exp
 0002:000032b3       $N00036                    00000001800162b3     libconfigd.exp
 0002:000032cf       $N00037                    00000001800162cf     libconfigd.exp
 0002:000032e9       $N00038                    00000001800162e9     libconfigd.exp
 0002:00003303       $N00039                    0000000180016303     libconfigd.exp
 0002:00003322       $N00040                    0000000180016322     libconfigd.exp
 0002:00003337       $N00041                    0000000180016337     libconfigd.exp
 0002:00003353       $N00042                    0000000180016353     libconfigd.exp
 0002:0000336c       $N00043                    000000018001636c     libconfigd.exp
 0002:00003382       $N00044                    0000000180016382     libconfigd.exp
 0002:00003398       $N00045                    0000000180016398     libconfigd.exp
 0002:000033b3       $N00046                    00000001800163b3     libconfigd.exp
 0002:000033cf       $N00047                    00000001800163cf     libconfigd.exp
 0002:000033e9       $N00048                    00000001800163e9     libconfigd.exp
 0002:00003405       $N00049                    0000000180016405     libconfigd.exp
 0002:00003422       $N00050                    0000000180016422     libconfigd.exp
 0002:00003438       $N00051                    0000000180016438     libconfigd.exp
 0002:00003453       $N00052                    0000000180016453     libconfigd.exp
 0002:0000346b       $N00053                    000000018001646b     libconfigd.exp
 0002:00003488       $N00054                    0000000180016488     libconfigd.exp
 0002:000034a1       $N00055                    00000001800164a1     libconfigd.exp
 0002:000034bf       $N00056                    00000001800164bf     libconfigd.exp
 0002:000034d9       $N00057                    00000001800164d9     libconfigd.exp
 0002:000034f1       $N00058                    00000001800164f1     libconfigd.exp
 0002:00003508       $N00059                    0000000180016508     libconfigd.exp
 0002:00003521       $N00060                    0000000180016521     libconfigd.exp
 0002:0000353f       $N00061                    000000018001653f     libconfigd.exp
 0002:0000355b       $N00062                    000000018001655b     libconfigd.exp
 0002:00003575       $N00063                    0000000180016575     libconfigd.exp
 0002:00003594       $N00064                    0000000180016594     libconfigd.exp
 0002:000035a1       $N00065                    00000001800165a1     libconfigd.exp
 0003:00000000       $SG83755                   0000000180017000     grammar.obj
 0003:00000028       $SG83757                   0000000180017028     grammar.obj
 0003:00000040       err_array_elem_type        0000000180017040     grammar.obj
 0003:00000048       err_duplicate_setting      0000000180017048     grammar.obj
 0003:00000050       $SG83851                   0000000180017050     grammar.obj
 0003:00000060       $SG84043                   0000000180017060     grammar.obj
 0003:00000070       $SG84048                   0000000180017070     grammar.obj
 0003:00000088       $SG84054                   0000000180017088     grammar.obj
 0003:00000098       $SG84055                   0000000180017098     grammar.obj
 0003:000000b0       $SG84057                   00000001800170b0     grammar.obj
 0003:000000d0       $SG84058                   00000001800170d0     grammar.obj
 0003:00000110       $SG84281                   0000000180017110     libconfig.obj
 0003:00000120       __io_error                 0000000180017120     libconfig.obj
 0003:00000128       $SG84297                   0000000180017128     libconfig.obj
 0003:0000012c       $SG84314                   000000018001712c     libconfig.obj
 0003:00000130       $SG84315                   0000000180017130     libconfig.obj
 0003:00000134       $SG84339                   0000000180017134     libconfig.obj
 0003:00000138       $SG84340                   0000000180017138     libconfig.obj
 0003:0000013c       $SG84390                   000000018001713c     libconfig.obj
 0003:00000144       $SG84391                   0000000180017144     libconfig.obj
 0003:0000014c       $SG84394                   000000018001714c     libconfig.obj
 0003:00000154       $SG84397                   0000000180017154     libconfig.obj
 0003:00000158       $SG84400                   0000000180017158     libconfig.obj
 0003:00000164       $SG84403                   0000000180017164     libconfig.obj
 0003:0000016c       $SG84410                   000000018001716c     libconfig.obj
 0003:00000170       $SG84412                   0000000180017170     libconfig.obj
 0003:00000174       $SG84414                   0000000180017174     libconfig.obj
 0003:00000178       $SG84416                   0000000180017178     libconfig.obj
 0003:0000017c       $SG84420                   000000018001717c     libconfig.obj
 0003:00000184       $SG84422                   0000000180017184     libconfig.obj
 0003:00000188       $SG84426                   0000000180017188     libconfig.obj
 0003:0000018c       $SG84433                   000000018001718c     libconfig.obj
 0003:00000190       $SG84438                   0000000180017190     libconfig.obj
 0003:00000194       $SG84536                   0000000180017194     libconfig.obj
 0003:00000198       $SG84589                   0000000180017198     libconfig.obj
 0003:000001a0       $SG84610                   00000001800171a0     libconfig.obj
 0003:000001a4       $SG84624                   00000001800171a4     libconfig.obj
 0003:000001a8       $SG84921                   00000001800171a8     libconfig.obj
 0003:000001ac       $SG84926                   00000001800171ac     libconfig.obj
 0003:000001b0       $SG85204                   00000001800171b0     libconfig.obj
 0003:000001b4       $SG85250                   00000001800171b4     libconfig.obj
 0003:000001d8       $SG83729                   00000001800171d8     scanctx.obj
 0003:000001f8       $SG83731                   00000001800171f8     scanctx.obj
 0003:00000218       err_bad_include            0000000180017218     scanctx.obj
 0003:00000220       err_include_too_deep       0000000180017220     scanctx.obj
 0003:00000228       $SG83795                   0000000180017228     scanctx.obj
 0003:00000240       $SG84222                   0000000180017240     scanner.obj
 0003:00000278       $SG84265                   0000000180017278     scanner.obj
 0003:000002b0       $SG84276                   00000001800172b0     scanner.obj
 0003:000002dc       $SG84498                   00000001800172dc     scanner.obj
 0003:000002e0       $SG84282                   00000001800172e0     scanner.obj
 0003:00000300       $SG84284                   0000000180017300     scanner.obj
 0003:00000320       $SG84291                   0000000180017320     scanner.obj
 0003:00000350       $SG84364                   0000000180017350     scanner.obj
 0003:00000380       $SG84366                   0000000180017380     scanner.obj
 0003:000003b0       $SG84443                   00000001800173b0     scanner.obj
 0003:000003e8       $SG84446                   00000001800173e8     scanner.obj
 0003:00000420       $SG84463                   0000000180017420     scanner.obj
 0003:00000450       $SG84487                   0000000180017450     scanner.obj
 0003:00000480       $SG84489                   0000000180017480     scanner.obj
 0003:000004a0       $SG84554                   00000001800174a0     scanner.obj
 0003:000004c8       $SG84564                   00000001800174c8     scanner.obj
 0003:00000574       $SG83290                   0000000180017574     util.obj
 0003:0000057c       $SG83291                   000000018001757c     util.obj
 0003:00000584       $SG83295                   0000000180017584     util.obj
 0003:000006e0       ?yyval_default@?1??libconfig_yyparse@@9@9 00000001800176e0     grammar.obj
 0003:000006e9       $SG83811                   00000001800176e9     scanctx.obj
 0003:000006ec       ?__proc_attached@@3HA      00000001800176ec     MSVCRTD:dll_dllmain.obj
 0003:000006f0       GS_ExceptionRecord         00000001800176f0     MSVCRTD:gs_report.obj
 0003:00000790       GS_ContextRecord           0000000180017790     MSVCRTD:gs_report.obj
 0003:00000dc8       ?is_initialized_as_dll@@3_NA 0000000180017dc8     MSVCRTD:utility.obj
 0003:00000dc9       ?module_local_atexit_table_initialized@@3_NA 0000000180017dc9     MSVCRTD:utility.obj
 0003:00000dd0       ?module_local_atexit_table@@3U_onexit_table_t@@A 0000000180017dd0     MSVCRTD:utility.obj
 0003:00000de8       ?module_local_at_quick_exit_table@@3U_onexit_table_t@@A 0000000180017de8     MSVCRTD:utility.obj
 0005:000008ba       .idata$6                   00000001800198ba     Shlwapi:SHLWAPI.dll
 0005:000008ea       .idata$6                   00000001800198ea     kernel32:KERNEL32.dll
 0005:00000982       .idata$6                   0000000180019982     vcruntimed:VCRUNTIME140D.dll
 0005:00000c20       .idata$6                   0000000180019c20     ucrtd:ucrtbased.dll
 0007:00000170       $R000000                   000000018001b170     * linker generated manifest res *

 Exports

  ordinal    name

        1    config_clear
        2    config_default_include_func
        3    config_destroy
        4    config_get_float_precision
        5    config_get_option
        6    config_get_options
        7    config_get_tab_width
        8    config_init
        9    config_lookup
       10    config_lookup_bool
       11    config_lookup_float
       12    config_lookup_int
       13    config_lookup_int64
       14    config_lookup_string
       15    config_read
       16    config_read_file
       17    config_read_string
       18    config_set_destructor
       19    config_set_float_precision
       20    config_set_hook
       21    config_set_include_dir
       22    config_set_include_func
       23    config_set_option
       24    config_set_options
       25    config_set_tab_width
       26    config_setting_add
       27    config_setting_get_bool
       28    config_setting_get_bool_elem
       29    config_setting_get_elem
       30    config_setting_get_float
       31    config_setting_get_float_elem
       32    config_setting_get_format
       33    config_setting_get_int
       34    config_setting_get_int64
       35    config_setting_get_int64_elem
       36    config_setting_get_int_elem
       37    config_setting_get_member
       38    config_setting_get_string
       39    config_setting_get_string_elem
       40    config_setting_index
       41    config_setting_is_aggregate
       42    config_setting_is_scalar
       43    config_setting_length
       44    config_setting_lookup
       45    config_setting_lookup_bool
       46    config_setting_lookup_float
       47    config_setting_lookup_int
       48    config_setting_lookup_int64
       49    config_setting_lookup_string
       50    config_setting_remove
       51    config_setting_remove_elem
       52    config_setting_set_bool
       53    config_setting_set_bool_elem
       54    config_setting_set_float
       55    config_setting_set_float_elem
       56    config_setting_set_format
       57    config_setting_set_hook
       58    config_setting_set_int
       59    config_setting_set_int64
       60    config_setting_set_int64_elem
       61    config_setting_set_int_elem
       62    config_setting_set_string
       63    config_setting_set_string_elem
       64    config_write
       65    config_write_file
